
> aurorxa@1.6.3 docs:build D:\project\github-notes\linux
> vitepress build docs --mode production

Mode: production
VITE_BASE_URL: /

==================================================
[
  {
    "documentRootPath": "/docs/zh",
    "debugPrint": false,
    "basePath": "/",
    "collapsed": true,
    "excludeByGlobPattern": [
      "assets",
      "public",
      "index.md",
      "about"
    ],
    "includeDotFiles": true,
    "includeRootIndexFile": false,
    "includeEmptyFolder": true,
    "includeFolderIndexFile": false,
    "useFolderLinkFromIndexFile": true,
    "useTitleFromFrontmatter": false,
    "removePrefixAfterOrdering": true,
    "prefixSeparator": {},
    "keepMarkdownSyntaxFromTitle": true,
    "sortMenusOrderNumericallyFromTitle": true,
    "folderLinkNotIncludesFileName": true,
    "resolvePath": "/",
    "collapseDepth": 1,
    "dynamicRouteTitleParam": "title",
    "manualSortFileNameByPriority": [],
    "frontmatterOrderDefaultValue": 0
  },
  {
    "documentRootPath": "/docs/en",
    "debugPrint": true,
    "basePath": "/en/",
    "collapsed": true,
    "excludeByGlobPattern": [
      "assets",
      "public",
      "index.md",
      "about"
    ],
    "includeDotFiles": true,
    "includeRootIndexFile": false,
    "includeEmptyFolder": true,
    "includeFolderIndexFile": false,
    "useFolderLinkFromIndexFile": true,
    "useTitleFromFrontmatter": false,
    "removePrefixAfterOrdering": true,
    "prefixSeparator": {},
    "keepMarkdownSyntaxFromTitle": true,
    "sortMenusOrderNumericallyFromTitle": true,
    "folderLinkNotIncludesFileName": true,
    "resolvePath": "/en/",
    "collapseDepth": 1,
    "dynamicRouteTitleParam": "title",
    "manualSortFileNameByPriority": [],
    "frontmatterOrderDefaultValue": 0
  }
]
--------------------------------------------------
{
  "/": {
    "base": "/",
    "items": [
      {
        "text": "计算机背景知识",
        "items": [
          {
            "text": "计算机软件常识",
            "link": "00.计算机背景知识/01.计算机软件常识"
          },
          {
            "text": "Windows软件包管理",
            "link": "00.计算机背景知识/02.Windows软件包管理"
          },
          {
            "text": "统一开发环境管理工具",
            "link": "00.计算机背景知识/03.统一开发环境管理工具"
          },
          {
            "text": "Windows开发环境配置",
            "link": "00.计算机背景知识/04.Windows开发环境配置"
          }
        ],
        "collapsed": true
      },
      {
        "text": "计算机考研408",
        "items": [
          {
            "text": "C语言",
            "items": [
              {
                "text": "初级阶段",
                "items": [
                  {
                    "text": "C语言入门",
                    "link": "01.计算机考研408/00.C语言/01.初级阶段/01.C语言入门"
                  },
                  {
                    "text": "vscode搭建环境",
                    "link": "01.计算机考研408/00.C语言/01.初级阶段/02.vscode搭建环境"
                  },
                  {
                    "text": "基础知识",
                    "link": "01.计算机考研408/00.C语言/01.初级阶段/03.基础知识"
                  },
                  {
                    "text": "数据类型",
                    "link": "01.计算机考研408/00.C语言/01.初级阶段/04.数据类型"
                  },
                  {
                    "text": "运算符",
                    "link": "01.计算机考研408/00.C语言/01.初级阶段/05.运算符"
                  },
                  {
                    "text": "流程控制",
                    "link": "01.计算机考研408/00.C语言/01.初级阶段/06.流程控制"
                  },
                  {
                    "text": "循环",
                    "link": "01.计算机考研408/00.C语言/01.初级阶段/07.循环"
                  },
                  {
                    "text": "数组",
                    "link": "01.计算机考研408/00.C语言/01.初级阶段/08.数组"
                  },
                  {
                    "text": "函数",
                    "link": "01.计算机考研408/00.C语言/01.初级阶段/09.函数"
                  },
                  {
                    "text": "CLion调试技巧",
                    "link": "01.计算机考研408/00.C语言/01.初级阶段/10.CLion调试技巧"
                  }
                ],
                "collapsed": true
              },
              {
                "text": "中级阶段",
                "items": [
                  {
                    "text": "深入理解指针1",
                    "link": "01.计算机考研408/00.C语言/02.中级阶段/01.深入理解指针1"
                  },
                  {
                    "text": "深入理解指针2",
                    "link": "01.计算机考研408/00.C语言/02.中级阶段/02.深入理解指针2"
                  },
                  {
                    "text": "深入理解指针3",
                    "link": "01.计算机考研408/00.C语言/02.中级阶段/03.深入理解指针3"
                  },
                  {
                    "text": "字符串",
                    "link": "01.计算机考研408/00.C语言/02.中级阶段/04.字符串"
                  },
                  {
                    "text": "标准库函数",
                    "link": "01.计算机考研408/00.C语言/02.中级阶段/05.标准库函数"
                  },
                  {
                    "text": "数据在内存中的存储",
                    "link": "01.计算机考研408/00.C语言/02.中级阶段/06.数据在内存中的存储"
                  },
                  {
                    "text": "自定义类型",
                    "link": "01.计算机考研408/00.C语言/02.中级阶段/07.自定义类型"
                  },
                  {
                    "text": "内存模型",
                    "link": "01.计算机考研408/00.C语言/02.中级阶段/08.内存模型"
                  },
                  {
                    "text": "动态内存管理",
                    "link": "01.计算机考研408/00.C语言/02.中级阶段/09.动态内存管理"
                  },
                  {
                    "text": "文件管理",
                    "link": "01.计算机考研408/00.C语言/02.中级阶段/10.文件管理"
                  }
                ],
                "collapsed": true
              },
              {
                "text": "高级阶段",
                "items": [
                  {
                    "text": "编译&链接",
                    "link": "01.计算机考研408/00.C语言/03.高级阶段/01.编译&链接"
                  },
                  {
                    "text": "预处理",
                    "link": "01.计算机考研408/00.C语言/03.高级阶段/02.预处理"
                  },
                  {
                    "text": "顺序表",
                    "link": "01.计算机考研408/00.C语言/03.高级阶段/03.顺序表"
                  },
                  {
                    "text": "单链表",
                    "link": "01.计算机考研408/00.C语言/03.高级阶段/04.单链表"
                  },
                  {
                    "text": "双向链表",
                    "link": "01.计算机考研408/00.C语言/03.高级阶段/05.双向链表"
                  },
                  {
                    "text": "C与操作系统",
                    "link": "01.计算机考研408/00.C语言/03.高级阶段/06.C与操作系统"
                  }
                ],
                "collapsed": true
              },
              {
                "text": "作业",
                "items": [
                  {
                    "text": "C语言入门",
                    "link": "01.计算机考研408/00.C语言/04.作业/01.C语言入门"
                  }
                ],
                "collapsed": true
              }
            ],
            "collapsed": true
          },
          {
            "text": "数据结构和算法",
            "items": [
              {
                "text": "绪论",
                "link": "01.计算机考研408/01.数据结构和算法/01.绪论"
              },
              {
                "text": "线性表",
                "link": "01.计算机考研408/01.数据结构和算法/02.线性表"
              },
              {
                "text": "栈、队列和数组",
                "link": "01.计算机考研408/01.数据结构和算法/03.栈、队列和数组"
              },
              {
                "text": "串",
                "link": "01.计算机考研408/01.数据结构和算法/04.串"
              },
              {
                "text": "树和二叉树",
                "link": "01.计算机考研408/01.数据结构和算法/05.树和二叉树"
              },
              {
                "text": "图",
                "link": "01.计算机考研408/01.数据结构和算法/06.图"
              },
              {
                "text": "查找",
                "link": "01.计算机考研408/01.数据结构和算法/07.查找"
              },
              {
                "text": "排序",
                "link": "01.计算机考研408/01.数据结构和算法/08.排序"
              }
            ],
            "collapsed": true
          },
          {
            "text": "计算机组成原理",
            "items": [
              {
                "text": "计算机系统概述",
                "link": "01.计算机考研408/02.计算机组成原理/01.计算机系统概述"
              },
              {
                "text": "数据的表示和运算",
                "link": "01.计算机考研408/02.计算机组成原理/02.数据的表示和运算"
              },
              {
                "text": "存储系统",
                "link": "01.计算机考研408/02.计算机组成原理/03.存储系统"
              },
              {
                "text": "指令系统",
                "link": "01.计算机考研408/02.计算机组成原理/04.指令系统"
              },
              {
                "text": "中央处理器",
                "link": "01.计算机考研408/02.计算机组成原理/05.中央处理器"
              },
              {
                "text": "总线",
                "link": "01.计算机考研408/02.计算机组成原理/06.总线"
              },
              {
                "text": "输入输出系统",
                "link": "01.计算机考研408/02.计算机组成原理/07.输入输出系统"
              }
            ],
            "collapsed": true
          },
          {
            "text": "操作系统",
            "items": [
              {
                "text": "计算机系统概述",
                "link": "01.计算机考研408/03.操作系统/01.计算机系统概述"
              },
              {
                "text": "进程和线程",
                "link": "01.计算机考研408/03.操作系统/02.进程和线程"
              },
              {
                "text": "内存管理",
                "link": "01.计算机考研408/03.操作系统/03.内存管理"
              },
              {
                "text": "文件管理",
                "link": "01.计算机考研408/03.操作系统/04.文件管理"
              },
              {
                "text": "输入输出管理",
                "link": "01.计算机考研408/03.操作系统/05.输入输出管理"
              }
            ],
            "collapsed": true
          },
          {
            "text": "计算机网络",
            "items": [
              {
                "text": "计算机网络概述",
                "link": "01.计算机考研408/04.计算机网络/01.计算机网络概述"
              },
              {
                "text": "物理层",
                "link": "01.计算机考研408/04.计算机网络/02.物理层"
              },
              {
                "text": "数据链路层",
                "link": "01.计算机考研408/04.计算机网络/03.数据链路层"
              },
              {
                "text": "网络层",
                "link": "01.计算机考研408/04.计算机网络/04.网络层"
              },
              {
                "text": "传输层",
                "link": "01.计算机考研408/04.计算机网络/05.传输层"
              },
              {
                "text": "应用层",
                "link": "01.计算机考研408/04.计算机网络/06.应用层"
              },
              {
                "text": "网络安全",
                "link": "01.计算机考研408/04.计算机网络/07.网络安全"
              },
              {
                "text": "计算机网络仿真实验",
                "link": "01.计算机考研408/04.计算机网络/08.计算机网络仿真实验"
              }
            ],
            "collapsed": true
          }
        ],
        "collapsed": true
      },
      {
        "text": "Linux系统管理",
        "items": [
          {
            "text": "计算机基础",
            "link": "02.Linux系统管理/00.计算机基础"
          },
          {
            "text": "计算机硬件与组成原理基础",
            "link": "02.Linux系统管理/00.计算机硬件与组成原理基础"
          },
          {
            "text": "Linux安装一",
            "link": "02.Linux系统管理/01.Linux安装一"
          },
          {
            "text": "Linux初识和安装",
            "link": "02.Linux系统管理/01.Linux初识和安装"
          },
          {
            "text": "Linux安装二",
            "link": "02.Linux系统管理/02.Linux安装二"
          },
          {
            "text": "Linux基础和入门",
            "link": "02.Linux系统管理/02.Linux基础和入门"
          },
          {
            "text": "Linux安装三",
            "link": "02.Linux系统管理/03.Linux安装三"
          },
          {
            "text": "Linux核心目录和必会命令",
            "link": "02.Linux系统管理/03.Linux核心目录和必会命令"
          },
          {
            "text": "Linux目录进阶一",
            "link": "02.Linux系统管理/04.Linux目录进阶一"
          },
          {
            "text": "Linux目录进阶二",
            "link": "02.Linux系统管理/05.Linux目录进阶二"
          },
          {
            "text": "Linux文件管理体系",
            "link": "02.Linux系统管理/06.Linux文件管理体系"
          },
          {
            "text": "Linux 标准 IO、重定向和管道",
            "link": "02.Linux系统管理/07.Linux 标准 IO、重定向和管道/index.md"
          },
          {
            "text": "文本编辑器之神 VIM",
            "link": "02.Linux系统管理/08.文本编辑器之神 VIM/index.md"
          },
          {
            "text": "Linux 四剑客（一）",
            "link": "02.Linux系统管理/09.Linux 四剑客（一）/index.md"
          },
          {
            "text": "正则表达式",
            "link": "02.Linux系统管理/10.正则表达式/index.md"
          },
          {
            "text": "Linux 用户管理体系",
            "link": "02.Linux系统管理/12.Linux 用户管理体系/index.md"
          },
          {
            "text": "Linux 权限管理体系",
            "link": "02.Linux系统管理/13.Linux 权限管理体系/index.md"
          },
          {
            "text": "Linux 之快速安装 Ubuntu",
            "link": "02.Linux系统管理/14.Linux 之快速安装 Ubuntu/index.md"
          },
          {
            "text": "Linux 软件包管理（一）",
            "link": "02.Linux系统管理/15.Linux 软件包管理（一）/index.md"
          },
          {
            "text": "Linux 软件包管理（二）",
            "link": "02.Linux系统管理/16.Linux 软件包管理（二）/index.md"
          },
          {
            "text": "Linux 四剑客（二）",
            "link": "02.Linux系统管理/17.Linux 四剑客（二）/index.md"
          },
          {
            "text": "Linux 磁盘存储和文件系统管理（一）",
            "link": "02.Linux系统管理/18.Linux 磁盘存储和文件系统管理（一）/index.md"
          },
          {
            "text": "Linux 磁盘存储和文件系统管理（二）",
            "link": "02.Linux系统管理/19.Linux 磁盘存储和文件系统管理（二）/index.md"
          },
          {
            "text": "计算机网络基础",
            "link": "02.Linux系统管理/20.计算机网络基础/index.md"
          },
          {
            "text": "Linux 网络管理",
            "link": "02.Linux系统管理/21.Linux 网络管理/index.md"
          },
          {
            "text": "Linux 进程管理",
            "link": "02.Linux系统管理/23.Linux 进程管理/index.md"
          },
          {
            "text": "Linux 定时任务管",
            "link": "02.Linux系统管理/24.Linux 定时任务管/index.md"
          },
          {
            "text": "Linux 启动和内核管理",
            "link": "02.Linux系统管理/25.Linux 启动和内核管理/index.md"
          },
          {
            "text": "加密和安全",
            "link": "02.Linux系统管理/26.加密和安全/index.md"
          },
          {
            "text": "运维自动化之系统部署",
            "link": "02.Linux系统管理/27.运维自动化之系统部署/index.md"
          },
          {
            "text": "域名系统 DNS 服务",
            "link": "02.Linux系统管理/28.域名系统 DNS 服务/index.md"
          }
        ],
        "collapsed": true
      },
      {
        "text": "Shell开发实战",
        "items": [
          {
            "text": "初识Shell",
            "link": "03.Shell开发实战/01.初识Shell"
          },
          {
            "text": "Shell基础",
            "link": "03.Shell开发实战/02.Shell基础"
          },
          {
            "text": "Shell进阶",
            "link": "03.Shell开发实战/03.Shell进阶"
          }
        ],
        "collapsed": true
      },
      {
        "text": "运维自动化之系统部署",
        "link": "04.运维自动化之系统部署/index.md"
      },
      {
        "text": "百花齐放的包管理器",
        "link": "05.百花齐放的包管理器/index.md"
      },
      {
        "text": "分布式集群架构",
        "link": "06.分布式集群架构/index.md"
      },
      {
        "text": "MySQL实战",
        "items": [
          {
            "text": "MySQL入门",
            "link": "07.MySQL实战/00.MySQL入门"
          },
          {
            "text": "MySQL之SQL语言",
            "link": "07.MySQL实战/01.MySQL之SQL语言"
          },
          {
            "text": "MySQL基本管理&LAMP架构",
            "link": "07.MySQL实战/02.MySQL基本管理&LAMP架构"
          },
          {
            "text": "MySQL备份还原&主从复制",
            "link": "07.MySQL实战/03.MySQL备份还原&主从复制"
          },
          {
            "text": "MySQL读写分离&高可用集群",
            "link": "07.MySQL实战/04.MySQL读写分离&高可用集群"
          }
        ],
        "collapsed": true
      },
      {
        "text": "Redis实战",
        "link": "08.Redis实战/index.md"
      },
      {
        "text": "Kafka实战",
        "link": "09.Kafka实战/index.md"
      },
      {
        "text": "OpenVPN",
        "link": "10.OpenVPN/index.md"
      }
    ]
  },
  "/en/": {
    "base": "/en/",
    "items": []
  }
}
==================================================


==================================================
[
  {
    "documentRootPath": "/docs/zh",
    "debugPrint": false,
    "basePath": "/",
    "collapsed": true,
    "excludeByGlobPattern": [
      "assets",
      "public",
      "index.md",
      "about"
    ],
    "includeDotFiles": true,
    "includeRootIndexFile": false,
    "includeEmptyFolder": true,
    "includeFolderIndexFile": false,
    "useFolderLinkFromIndexFile": true,
    "useTitleFromFrontmatter": false,
    "removePrefixAfterOrdering": true,
    "prefixSeparator": {},
    "keepMarkdownSyntaxFromTitle": true,
    "sortMenusOrderNumericallyFromTitle": true,
    "folderLinkNotIncludesFileName": true,
    "resolvePath": "/"
  },
  {
    "documentRootPath": "/docs/en",
    "debugPrint": true,
    "basePath": "/en/",
    "collapsed": true,
    "excludeByGlobPattern": [
      "assets",
      "public",
      "index.md",
      "about"
    ],
    "includeDotFiles": true,
    "includeRootIndexFile": false,
    "includeEmptyFolder": true,
    "includeFolderIndexFile": false,
    "useFolderLinkFromIndexFile": true,
    "useTitleFromFrontmatter": false,
    "removePrefixAfterOrdering": true,
    "prefixSeparator": {},
    "keepMarkdownSyntaxFromTitle": true,
    "sortMenusOrderNumericallyFromTitle": true,
    "folderLinkNotIncludesFileName": true,
    "resolvePath": "/en/"
  }
]
--------------------------------------------------
{
  "rewrites": {
    "zh/:rest*": ":rest*"
  },
  "ignoreDeadLinks": [
    {}
  ],
  "metaChunk": true,
  "lang": "zh-CN",
  "title": "为知笔记",
  "titleTemplate": "Hi，终于等到你",
  "description": "为知笔记，系统整理 Linux、容器、Kubernetes、DevOps 与云原生实践",
  "head": [
    [
      "link",
      {
        "rel": "shortcut icon",
        "href": "/logo.svg"
      }
    ],
    [
      "link",
      {
        "rel": "icon",
        "href": "/logo.svg",
        "type": "image/svg+xml"
      }
    ],
    [
      "link",
      {
        "rel": "preconnect",
        "href": "https://fonts.googleapis.com"
      }
    ],
    [
      "link",
      {
        "rel": "preconnect",
        "href": "https://fonts.gstatic.com",
        "crossorigin": ""
      }
    ],
    [
      "link",
      {
        "href": "https://fonts.googleapis.com/css2?family=Noto+Sans+SC:wght@400;700&display=swap",
        "rel": "stylesheet"
      }
    ],
    [
      "meta",
      {
        "name": "viewport",
        "content": "width=device-width, initial-scale=1.0, minimum-scale=1.0, maximum-scale=1.0, user-scalable=no,shrink-to-fit=no"
      }
    ],
    [
      "meta",
      {
        "name": "keywords",
        "content": "为知笔记、云原生、Linux、容器、Kubernetes、DevOps、服务编排"
      }
    ],
    [
      "meta",
      {
        "charset": "UTF-8"
      }
    ]
  ],
  "appearance": true,
  "base": "/",
  "lastUpdated": true,
  "sitemap": {
    "hostname": "https://linux.weiweixu.cn/"
  },
  "vite": {
    "resolve": {
      "alias": {
        "@": "D:\\project\\github-notes\\linux\\docs\\public\\demo"
      }
    },
    "build": {
      "chunkSizeWarningLimit": 2000
    },
    "ssr": {
      "noExternal": [
        "dayjs",
        "@nolebase/vitepress-plugin-enhanced-readabilities",
        "@nolebase/ui",
        "@nolebase/vitepress-plugin-highlight-targeted-heading",
        "@nolebase/vitepress-plugin-inline-link-preview"
      ]
    },
    "optimizeDeps": {
      "exclude": [
        "@nolebase/vitepress-plugin-enhanced-readabilities/client",
        "vitepress",
        "@nolebase/vitepress-plugin-inline-link-preview/client"
      ]
    },
    "plugins": [
      {
        "name": "vitepress-plugin-auto-frontmatter"
      },
      {
        "name": "vitepress-plugin-announcement",
        "enforce": "pre"
      },
      {
        "name": "vite-plugin-qrcode",
        "apply": "serve"
      },
      {
        "name": "vitepress-plugin-image-preview",
        "enforce": "pre"
      },
      {
        "name": "terser",
        "numOfWorkersUsed": 0
      },
      {
        "name": "vitepress-plugin-group-icons",
        "enforce": "post",
        "transform": {
          "filter": {
            "id": {}
          }
        }
      },
      [
        {
          "name": "vite-plugin-vitepress-auto-permalink"
        },
        {
          "name": "vite-plugin-vitepress-use-permalink"
        }
      ],
      {
        "name": "vitepress-index-permalink-compat",
        "enforce": "post"
      },
      {
        "name": "vitepress-sidebar:hmr",
        "apply": "serve"
      }
    ],
    "server": {
      "port": 5173,
      "strictPort": false
    },
    "css": {
      "preprocessorOptions": {
        "scss": {
          "api": "modern-compiler"
        }
      }
    }
  },
  "markdown": {
    "math": true,
    "lineNumbers": true,
    "image": {
      "lazyLoading": true
    },
    "attrs": {
      "disable": true
    }
  },
  "themeConfig": {
    "logo": "/logo.svg",
    "socialLinks": [
      {
        "icon": "github",
        "link": "https://github.com/Aexiar/linux"
      },
      {
        "icon": {
          "svg": "<svg t=\"1703483542872\" class=\"icon\" viewBox=\"0 0 1309 1024\" version=\"1.1\" xmlns=\"http://www.w3.org/2000/svg\" p-id=\"6274\" width=\"200\" height=\"200\"><path d=\"M1147.26896 912.681417l34.90165 111.318583-127.165111-66.823891a604.787313 604.787313 0 0 1-139.082747 22.263717c-220.607239 0-394.296969-144.615936-394.296969-322.758409s173.526026-322.889372 394.296969-322.889372C1124.219465 333.661082 1309.630388 478.669907 1309.630388 656.550454c0 100.284947-69.344929 189.143369-162.361428 256.130963zM788.070086 511.869037a49.11114 49.11114 0 0 0-46.360916 44.494692 48.783732 48.783732 0 0 0 46.360916 44.494693 52.090549 52.090549 0 0 0 57.983885-44.494693 52.385216 52.385216 0 0 0-57.983885-44.494692z m254.985036 0a48.881954 48.881954 0 0 0-46.09899 44.494692 48.620028 48.620028 0 0 0 46.09899 44.494693 52.385216 52.385216 0 0 0 57.983886-44.494693 52.58166 52.58166 0 0 0-57.951145-44.494692z m-550.568615 150.018161a318.567592 318.567592 0 0 0 14.307712 93.212943c-14.307712 1.080445-28.746387 1.768001-43.283284 1.768001a827.293516 827.293516 0 0 1-162.394168-22.296458l-162.001279 77.955749 46.328175-133.811485C69.410411 600.858422 0 500.507993 0 378.38496 0 166.683208 208.689602 0 463.510935 0c227.908428 0 427.594322 133.18941 467.701752 312.379588a427.463358 427.463358 0 0 0-44.625655-2.619261c-220.24709 0-394.100524 157.74498-394.100525 352.126871zM312.90344 189.143369a64.270111 64.270111 0 0 0-69.803299 55.659291 64.532037 64.532037 0 0 0 69.803299 55.659292 53.694846 53.694846 0 0 0 57.852923-55.659292 53.465661 53.465661 0 0 0-57.852923-55.659291z m324.428188 0a64.040926 64.040926 0 0 0-69.574114 55.659291 64.302852 64.302852 0 0 0 69.574114 55.659292 53.694846 53.694846 0 0 0 57.951145-55.659292 53.465661 53.465661 0 0 0-57.951145-55.659291z\" p-id=\"6275\"></path></svg>"
        },
        "link": "https://weixin.qq.com/",
        "ariaLabel": "wechat"
      }
    ],
    "editLink": {
      "pattern": "https://github.com/Aexiar/linux/edit/master/docs/:path",
      "text": "Edit this page on GitHub"
    },
    "externalLinkIcon": true,
    "search": {
      "provider": "algolia",
      "options": {
        "appId": "5BL5JALOP3",
        "apiKey": "acc8640fabedd02c8d094b501ac9af38",
        "indexName": "linux-weiweixu",
        "locales": {
          "zh": {
            "placeholder": "搜索文档",
            "translations": {
              "button": {
                "buttonText": "搜索文档",
                "buttonAriaLabel": "搜索文档"
              },
              "modal": {
                "searchBox": {
                  "resetButtonTitle": "清除查询条件",
                  "resetButtonAriaLabel": "清除查询条件",
                  "cancelButtonText": "取消",
                  "cancelButtonAriaLabel": "取消"
                },
                "startScreen": {
                  "recentSearchesTitle": "搜索历史",
                  "noRecentSearchesText": "没有搜索历史",
                  "saveRecentSearchButtonTitle": "保存至搜索历史",
                  "removeRecentSearchButtonTitle": "从搜索历史中移除",
                  "favoriteSearchesTitle": "收藏",
                  "removeFavoriteSearchButtonTitle": "从收藏中移除"
                },
                "errorScreen": {
                  "titleText": "无法获取结果",
                  "helpText": "你可能需要检查你的网络连接"
                },
                "footer": {
                  "selectText": "选择",
                  "navigateText": "切换",
                  "closeText": "关闭",
                  "searchByText": "搜索提供者"
                },
                "noResultsScreen": {
                  "noResultsText": "无法找到相关结果",
                  "suggestedQueryText": "你可以尝试查询",
                  "reportMissingResultsText": "你认为该查询应该有结果？",
                  "reportMissingResultsLinkText": "点击反馈"
                }
              }
            }
          }
        }
      }
    },
    "sidebar": {
      "/": {
        "base": "/",
        "items": [
          {
            "text": "计算机背景知识",
            "items": [
              {
                "text": "计算机软件常识",
                "link": "00.计算机背景知识/01.计算机软件常识"
              },
              {
                "text": "Windows软件包管理",
                "link": "00.计算机背景知识/02.Windows软件包管理"
              },
              {
                "text": "统一开发环境管理工具",
                "link": "00.计算机背景知识/03.统一开发环境管理工具"
              },
              {
                "text": "Windows开发环境配置",
                "link": "00.计算机背景知识/04.Windows开发环境配置"
              }
            ],
            "collapsed": true
          },
          {
            "text": "计算机考研408",
            "items": [
              {
                "text": "C语言",
                "items": [
                  {
                    "text": "初级阶段",
                    "items": [
                      {
                        "text": "C语言入门",
                        "link": "01.计算机考研408/00.C语言/01.初级阶段/01.C语言入门"
                      },
                      {
                        "text": "vscode搭建环境",
                        "link": "01.计算机考研408/00.C语言/01.初级阶段/02.vscode搭建环境"
                      },
                      {
                        "text": "基础知识",
                        "link": "01.计算机考研408/00.C语言/01.初级阶段/03.基础知识"
                      },
                      {
                        "text": "数据类型",
                        "link": "01.计算机考研408/00.C语言/01.初级阶段/04.数据类型"
                      },
                      {
                        "text": "运算符",
                        "link": "01.计算机考研408/00.C语言/01.初级阶段/05.运算符"
                      },
                      {
                        "text": "流程控制",
                        "link": "01.计算机考研408/00.C语言/01.初级阶段/06.流程控制"
                      },
                      {
                        "text": "循环",
                        "link": "01.计算机考研408/00.C语言/01.初级阶段/07.循环"
                      },
                      {
                        "text": "数组",
                        "link": "01.计算机考研408/00.C语言/01.初级阶段/08.数组"
                      },
                      {
                        "text": "函数",
                        "link": "01.计算机考研408/00.C语言/01.初级阶段/09.函数"
                      },
                      {
                        "text": "CLion调试技巧",
                        "link": "01.计算机考研408/00.C语言/01.初级阶段/10.CLion调试技巧"
                      }
                    ],
                    "collapsed": true
                  },
                  {
                    "text": "中级阶段",
                    "items": [
                      {
                        "text": "深入理解指针1",
                        "link": "01.计算机考研408/00.C语言/02.中级阶段/01.深入理解指针1"
                      },
                      {
                        "text": "深入理解指针2",
                        "link": "01.计算机考研408/00.C语言/02.中级阶段/02.深入理解指针2"
                      },
                      {
                        "text": "深入理解指针3",
                        "link": "01.计算机考研408/00.C语言/02.中级阶段/03.深入理解指针3"
                      },
                      {
                        "text": "字符串",
                        "link": "01.计算机考研408/00.C语言/02.中级阶段/04.字符串"
                      },
                      {
                        "text": "标准库函数",
                        "link": "01.计算机考研408/00.C语言/02.中级阶段/05.标准库函数"
                      },
                      {
                        "text": "数据在内存中的存储",
                        "link": "01.计算机考研408/00.C语言/02.中级阶段/06.数据在内存中的存储"
                      },
                      {
                        "text": "自定义类型",
                        "link": "01.计算机考研408/00.C语言/02.中级阶段/07.自定义类型"
                      },
                      {
                        "text": "内存模型",
                        "link": "01.计算机考研408/00.C语言/02.中级阶段/08.内存模型"
                      },
                      {
                        "text": "动态内存管理",
                        "link": "01.计算机考研408/00.C语言/02.中级阶段/09.动态内存管理"
                      },
                      {
                        "text": "文件管理",
                        "link": "01.计算机考研408/00.C语言/02.中级阶段/10.文件管理"
                      }
                    ],
                    "collapsed": true
                  },
                  {
                    "text": "高级阶段",
                    "items": [
                      {
                        "text": "编译&链接",
                        "link": "01.计算机考研408/00.C语言/03.高级阶段/01.编译&链接"
                      },
                      {
                        "text": "预处理",
                        "link": "01.计算机考研408/00.C语言/03.高级阶段/02.预处理"
                      },
                      {
                        "text": "顺序表",
                        "link": "01.计算机考研408/00.C语言/03.高级阶段/03.顺序表"
                      },
                      {
                        "text": "单链表",
                        "link": "01.计算机考研408/00.C语言/03.高级阶段/04.单链表"
                      },
                      {
                        "text": "双向链表",
                        "link": "01.计算机考研408/00.C语言/03.高级阶段/05.双向链表"
                      },
                      {
                        "text": "C与操作系统",
                        "link": "01.计算机考研408/00.C语言/03.高级阶段/06.C与操作系统"
                      }
                    ],
                    "collapsed": true
                  },
                  {
                    "text": "作业",
                    "items": [
                      {
                        "text": "C语言入门",
                        "link": "01.计算机考研408/00.C语言/04.作业/01.C语言入门"
                      }
                    ],
                    "collapsed": true
                  }
                ],
                "collapsed": true
              },
              {
                "text": "数据结构和算法",
                "items": [
                  {
                    "text": "绪论",
                    "link": "01.计算机考研408/01.数据结构和算法/01.绪论"
                  },
                  {
                    "text": "线性表",
                    "link": "01.计算机考研408/01.数据结构和算法/02.线性表"
                  },
                  {
                    "text": "栈、队列和数组",
                    "link": "01.计算机考研408/01.数据结构和算法/03.栈、队列和数组"
                  },
                  {
                    "text": "串",
                    "link": "01.计算机考研408/01.数据结构和算法/04.串"
                  },
                  {
                    "text": "树和二叉树",
                    "link": "01.计算机考研408/01.数据结构和算法/05.树和二叉树"
                  },
                  {
                    "text": "图",
                    "link": "01.计算机考研408/01.数据结构和算法/06.图"
                  },
                  {
                    "text": "查找",
                    "link": "01.计算机考研408/01.数据结构和算法/07.查找"
                  },
                  {
                    "text": "排序",
                    "link": "01.计算机考研408/01.数据结构和算法/08.排序"
                  }
                ],
                "collapsed": true
              },
              {
                "text": "计算机组成原理",
                "items": [
                  {
                    "text": "计算机系统概述",
                    "link": "01.计算机考研408/02.计算机组成原理/01.计算机系统概述"
                  },
                  {
                    "text": "数据的表示和运算",
                    "link": "01.计算机考研408/02.计算机组成原理/02.数据的表示和运算"
                  },
                  {
                    "text": "存储系统",
                    "link": "01.计算机考研408/02.计算机组成原理/03.存储系统"
                  },
                  {
                    "text": "指令系统",
                    "link": "01.计算机考研408/02.计算机组成原理/04.指令系统"
                  },
                  {
                    "text": "中央处理器",
                    "link": "01.计算机考研408/02.计算机组成原理/05.中央处理器"
                  },
                  {
                    "text": "总线",
                    "link": "01.计算机考研408/02.计算机组成原理/06.总线"
                  },
                  {
                    "text": "输入输出系统",
                    "link": "01.计算机考研408/02.计算机组成原理/07.输入输出系统"
                  }
                ],
                "collapsed": true
              },
              {
                "text": "操作系统",
                "items": [
                  {
                    "text": "计算机系统概述",
                    "link": "01.计算机考研408/03.操作系统/01.计算机系统概述"
                  },
                  {
                    "text": "进程和线程",
                    "link": "01.计算机考研408/03.操作系统/02.进程和线程"
                  },
                  {
                    "text": "内存管理",
                    "link": "01.计算机考研408/03.操作系统/03.内存管理"
                  },
                  {
                    "text": "文件管理",
                    "link": "01.计算机考研408/03.操作系统/04.文件管理"
                  },
                  {
                    "text": "输入输出管理",
                    "link": "01.计算机考研408/03.操作系统/05.输入输出管理"
                  }
                ],
                "collapsed": true
              },
              {
                "text": "计算机网络",
                "items": [
                  {
                    "text": "计算机网络概述",
                    "link": "01.计算机考研408/04.计算机网络/01.计算机网络概述"
                  },
                  {
                    "text": "物理层",
                    "link": "01.计算机考研408/04.计算机网络/02.物理层"
                  },
                  {
                    "text": "数据链路层",
                    "link": "01.计算机考研408/04.计算机网络/03.数据链路层"
                  },
                  {
                    "text": "网络层",
                    "link": "01.计算机考研408/04.计算机网络/04.网络层"
                  },
                  {
                    "text": "传输层",
                    "link": "01.计算机考研408/04.计算机网络/05.传输层"
                  },
                  {
                    "text": "应用层",
                    "link": "01.计算机考研408/04.计算机网络/06.应用层"
                  },
                  {
                    "text": "网络安全",
                    "link": "01.计算机考研408/04.计算机网络/07.网络安全"
                  },
                  {
                    "text": "计算机网络仿真实验",
                    "link": "01.计算机考研408/04.计算机网络/08.计算机网络仿真实验"
                  }
                ],
                "collapsed": true
              }
            ],
            "collapsed": true
          },
          {
            "text": "Linux系统管理",
            "items": [
              {
                "text": "计算机基础",
                "link": "02.Linux系统管理/00.计算机基础"
              },
              {
                "text": "计算机硬件与组成原理基础",
                "link": "02.Linux系统管理/00.计算机硬件与组成原理基础"
              },
              {
                "text": "Linux安装一",
                "link": "02.Linux系统管理/01.Linux安装一"
              },
              {
                "text": "Linux初识和安装",
                "link": "02.Linux系统管理/01.Linux初识和安装"
              },
              {
                "text": "Linux安装二",
                "link": "02.Linux系统管理/02.Linux安装二"
              },
              {
                "text": "Linux基础和入门",
                "link": "02.Linux系统管理/02.Linux基础和入门"
              },
              {
                "text": "Linux安装三",
                "link": "02.Linux系统管理/03.Linux安装三"
              },
              {
                "text": "Linux核心目录和必会命令",
                "link": "02.Linux系统管理/03.Linux核心目录和必会命令"
              },
              {
                "text": "Linux目录进阶一",
                "link": "02.Linux系统管理/04.Linux目录进阶一"
              },
              {
                "text": "Linux目录进阶二",
                "link": "02.Linux系统管理/05.Linux目录进阶二"
              },
              {
                "text": "Linux文件管理体系",
                "link": "02.Linux系统管理/06.Linux文件管理体系"
              },
              {
                "text": "Linux 标准 IO、重定向和管道",
                "link": "02.Linux系统管理/07.Linux 标准 IO、重定向和管道/index.md"
              },
              {
                "text": "文本编辑器之神 VIM",
                "link": "02.Linux系统管理/08.文本编辑器之神 VIM/index.md"
              },
              {
                "text": "Linux 四剑客（一）",
                "link": "02.Linux系统管理/09.Linux 四剑客（一）/index.md"
              },
              {
                "text": "正则表达式",
                "link": "02.Linux系统管理/10.正则表达式/index.md"
              },
              {
                "text": "Linux 用户管理体系",
                "link": "02.Linux系统管理/12.Linux 用户管理体系/index.md"
              },
              {
                "text": "Linux 权限管理体系",
                "link": "02.Linux系统管理/13.Linux 权限管理体系/index.md"
              },
              {
                "text": "Linux 之快速安装 Ubuntu",
                "link": "02.Linux系统管理/14.Linux 之快速安装 Ubuntu/index.md"
              },
              {
                "text": "Linux 软件包管理（一）",
                "link": "02.Linux系统管理/15.Linux 软件包管理（一）/index.md"
              },
              {
                "text": "Linux 软件包管理（二）",
                "link": "02.Linux系统管理/16.Linux 软件包管理（二）/index.md"
              },
              {
                "text": "Linux 四剑客（二）",
                "link": "02.Linux系统管理/17.Linux 四剑客（二）/index.md"
              },
              {
                "text": "Linux 磁盘存储和文件系统管理（一）",
                "link": "02.Linux系统管理/18.Linux 磁盘存储和文件系统管理（一）/index.md"
              },
              {
                "text": "Linux 磁盘存储和文件系统管理（二）",
                "link": "02.Linux系统管理/19.Linux 磁盘存储和文件系统管理（二）/index.md"
              },
              {
                "text": "计算机网络基础",
                "link": "02.Linux系统管理/20.计算机网络基础/index.md"
              },
              {
                "text": "Linux 网络管理",
                "link": "02.Linux系统管理/21.Linux 网络管理/index.md"
              },
              {
                "text": "Linux 进程管理",
                "link": "02.Linux系统管理/23.Linux 进程管理/index.md"
              },
              {
                "text": "Linux 定时任务管",
                "link": "02.Linux系统管理/24.Linux 定时任务管/index.md"
              },
              {
                "text": "Linux 启动和内核管理",
                "link": "02.Linux系统管理/25.Linux 启动和内核管理/index.md"
              },
              {
                "text": "加密和安全",
                "link": "02.Linux系统管理/26.加密和安全/index.md"
              },
              {
                "text": "运维自动化之系统部署",
                "link": "02.Linux系统管理/27.运维自动化之系统部署/index.md"
              },
              {
                "text": "域名系统 DNS 服务",
                "link": "02.Linux系统管理/28.域名系统 DNS 服务/index.md"
              }
            ],
            "collapsed": true
          },
          {
            "text": "Shell开发实战",
            "items": [
              {
                "text": "初识Shell",
                "link": "03.Shell开发实战/01.初识Shell"
              },
              {
                "text": "Shell基础",
                "link": "03.Shell开发实战/02.Shell基础"
              },
              {
                "text": "Shell进阶",
                "link": "03.Shell开发实战/03.Shell进阶"
              }
            ],
            "collapsed": true
          },
          {
            "text": "运维自动化之系统部署",
            "link": "04.运维自动化之系统部署/index.md"
          },
          {
            "text": "百花齐放的包管理器",
            "link": "05.百花齐放的包管理器/index.md"
          },
          {
            "text": "分布式集群架构",
            "link": "06.分布式集群架构/index.md"
          },
          {
            "text": "MySQL实战",
            "items": [
              {
                "text": "MySQL入门",
                "link": "07.MySQL实战/00.MySQL入门"
              },
              {
                "text": "MySQL之SQL语言",
                "link": "07.MySQL实战/01.MySQL之SQL语言"
              },
              {
                "text": "MySQL基本管理&LAMP架构",
                "link": "07.MySQL实战/02.MySQL基本管理&LAMP架构"
              },
              {
                "text": "MySQL备份还原&主从复制",
                "link": "07.MySQL实战/03.MySQL备份还原&主从复制"
              },
              {
                "text": "MySQL读写分离&高可用集群",
                "link": "07.MySQL实战/04.MySQL读写分离&高可用集群"
              }
            ],
            "collapsed": true
          },
          {
            "text": "Redis实战",
            "link": "08.Redis实战/index.md"
          },
          {
            "text": "Kafka实战",
            "link": "09.Kafka实战/index.md"
          },
          {
            "text": "OpenVPN",
            "link": "10.OpenVPN/index.md"
          }
        ]
      },
      "/en/": {
        "base": "/en/",
        "items": []
      }
    }
  }
}
==================================================


  vitepress v1.6.4

- building client + server bundles...
20:04:36 [vitepress-plugin-permalink v1.2.1] Injected Permalinks Data Successfully. 注入永久链接数据成功!

(!) Some chunks are larger than 2000 kB after minification. Consider:
- Using dynamic import() to code-split the application
- Use build.rollupOptions.output.manualChunks to improve chunking: https://rollupjs.org/configuration-options/#output-manualchunks
- Adjust chunk size limit for this warning via build.chunkSizeWarningLimit.
✓ building client + server bundles...
- rendering pages...
✓ rendering pages...
- generating sitemap...
✓ generating sitemap...
build complete in 77.72s.
